// Jest Snapshot v1, https://goo.gl/fbAQLP

exports[`Hierarchy: should compile nested type hierarchy 1`] = `
"- [\`ParentClass\`](Modules.md#parentclass)
   - **ChildClassA**
     - [\`GrandChildClassA\`](Modules.md#grandchildclassa)"
`;

exports[`Hierarchy: should compile type hierarchy 1`] = `
"- **ParentClass**
   - [\`ChildClassA\`](Modules.md#childclassa)
   - [\`ChildClassB\`](Modules.md#childclassb)"
`;
